Release 14.7 - xst P.20131013 (nt64)
Copyright (c) 1995-2013 Xilinx, Inc.  All rights reserved.
--> Parameter TMPDIR set to xst/projnav.tmp


Total REAL time to Xst completion: 0.00 secs
Total CPU time to Xst completion: 0.10 secs
 
--> Parameter xsthdpdir set to xst


Total REAL time to Xst completion: 0.00 secs
Total CPU time to Xst completion: 0.10 secs
 
--> Reading design: MCP4726_ctrl.prj

TABLE OF CONTENTS
  1) Synthesis Options Summary
  2) HDL Parsing
  3) HDL Elaboration
  4) HDL Synthesis
       4.1) HDL Synthesis Report
  5) Advanced HDL Synthesis
       5.1) Advanced HDL Synthesis Report
  6) Low Level Synthesis
  7) Partition Report
  8) Design Summary
       8.1) Primitive and Black Box Usage
       8.2) Device utilization summary
       8.3) Partition Resource Summary
       8.4) Timing Report
            8.4.1) Clock Information
            8.4.2) Asynchronous Control Signals Information
            8.4.3) Timing Summary
            8.4.4) Timing Details
            8.4.5) Cross Clock Domains Report


=========================================================================
*                      Synthesis Options Summary                        *
=========================================================================
---- Source Parameters
Input File Name                    : "MCP4726_ctrl.prj"
Ignore Synthesis Constraint File   : NO

---- Target Parameters
Output File Name                   : "MCP4726_ctrl"
Output Format                      : NGC
Target Device                      : xc6slx9-2-tqg144

---- Source Options
Top Module Name                    : MCP4726_ctrl
Automatic FSM Extraction           : YES
FSM Encoding Algorithm             : Auto
Safe Implementation                : No
FSM Style                          : LUT
RAM Extraction                     : Yes
RAM Style                          : Auto
ROM Extraction                     : Yes
Shift Register Extraction          : YES
ROM Style                          : Auto
Resource Sharing                   : YES
Asynchronous To Synchronous        : NO
Shift Register Minimum Size        : 2
Use DSP Block                      : Auto
Automatic Register Balancing       : No

---- Target Options
LUT Combining                      : Auto
Reduce Control Sets                : Auto
Add IO Buffers                     : YES
Global Maximum Fanout              : 100000
Add Generic Clock Buffer(BUFG)     : 16
Register Duplication               : YES
Optimize Instantiated Primitives   : NO
Use Clock Enable                   : Auto
Use Synchronous Set                : Auto
Use Synchronous Reset              : Auto
Pack IO Registers into IOBs        : Auto
Equivalent register Removal        : YES

---- General Options
Optimization Goal                  : Speed
Optimization Effort                : 1
Power Reduction                    : NO
Keep Hierarchy                     : No
Netlist Hierarchy                  : As_Optimized
RTL Output                         : Yes
Global Optimization                : AllClockNets
Read Cores                         : YES
Write Timing Constraints           : NO
Cross Clock Analysis               : NO
Hierarchy Separator                : /
Bus Delimiter                      : <>
Case Specifier                     : Maintain
Slice Utilization Ratio            : 100
BRAM Utilization Ratio             : 100
DSP48 Utilization Ratio            : 100
Auto BRAM Packing                  : NO
Slice Utilization Ratio Delta      : 5

---- Other Options
Cores Search Directories           : {"ipcore_dir"  }

=========================================================================


=========================================================================
*                          HDL Parsing                                  *
=========================================================================
Parsing VHDL file "E:\hoshino_Data\SotsuKen\ISE\DAC_control\MCP4726_ctrl.vhd" into library work
Parsing entity <MCP4726_ctrl>.
Parsing architecture <control> of entity <mcp4726_ctrl>.

=========================================================================
*                            HDL Elaboration                            *
=========================================================================

Elaborating entity <MCP4726_ctrl> (architecture <control>) from library <work>.
WARNING:HDLCompiler:92 - "E:\hoshino_Data\SotsuKen\ISE\DAC_control\MCP4726_ctrl.vhd" Line 110: sw_ac should be on the sensitivity list of the process
WARNING:HDLCompiler:92 - "E:\hoshino_Data\SotsuKen\ISE\DAC_control\MCP4726_ctrl.vhd" Line 112: lv_change should be on the sensitivity list of the process
WARNING:HDLCompiler:92 - "E:\hoshino_Data\SotsuKen\ISE\DAC_control\MCP4726_ctrl.vhd" Line 128: break should be on the sensitivity list of the process
WARNING:HDLCompiler:92 - "E:\hoshino_Data\SotsuKen\ISE\DAC_control\MCP4726_ctrl.vhd" Line 136: scl_out should be on the sensitivity list of the process
WARNING:HDLCompiler:92 - "E:\hoshino_Data\SotsuKen\ISE\DAC_control\MCP4726_ctrl.vhd" Line 140: break should be on the sensitivity list of the process
WARNING:HDLCompiler:92 - "E:\hoshino_Data\SotsuKen\ISE\DAC_control\MCP4726_ctrl.vhd" Line 141: sda_bit should be on the sensitivity list of the process
WARNING:HDLCompiler:92 - "E:\hoshino_Data\SotsuKen\ISE\DAC_control\MCP4726_ctrl.vhd" Line 144: fix should be on the sensitivity list of the process
WARNING:HDLCompiler:92 - "E:\hoshino_Data\SotsuKen\ISE\DAC_control\MCP4726_ctrl.vhd" Line 145: sda_bit should be on the sensitivity list of the process
WARNING:HDLCompiler:92 - "E:\hoshino_Data\SotsuKen\ISE\DAC_control\MCP4726_ctrl.vhd" Line 150: sda_bit should be on the sensitivity list of the process
WARNING:HDLCompiler:92 - "E:\hoshino_Data\SotsuKen\ISE\DAC_control\MCP4726_ctrl.vhd" Line 152: sda_data should be on the sensitivity list of the process
WARNING:HDLCompiler:92 - "E:\hoshino_Data\SotsuKen\ISE\DAC_control\MCP4726_ctrl.vhd" Line 153: sda_bit should be on the sensitivity list of the process
WARNING:HDLCompiler:92 - "E:\hoshino_Data\SotsuKen\ISE\DAC_control\MCP4726_ctrl.vhd" Line 154: sda_bit should be on the sensitivity list of the process
WARNING:HDLCompiler:92 - "E:\hoshino_Data\SotsuKen\ISE\DAC_control\MCP4726_ctrl.vhd" Line 155: sda_data should be on the sensitivity list of the process
WARNING:HDLCompiler:92 - "E:\hoshino_Data\SotsuKen\ISE\DAC_control\MCP4726_ctrl.vhd" Line 156: sda_bit should be on the sensitivity list of the process
WARNING:HDLCompiler:92 - "E:\hoshino_Data\SotsuKen\ISE\DAC_control\MCP4726_ctrl.vhd" Line 157: sda_bit should be on the sensitivity list of the process
WARNING:HDLCompiler:92 - "E:\hoshino_Data\SotsuKen\ISE\DAC_control\MCP4726_ctrl.vhd" Line 158: sda_data should be on the sensitivity list of the process
WARNING:HDLCompiler:92 - "E:\hoshino_Data\SotsuKen\ISE\DAC_control\MCP4726_ctrl.vhd" Line 159: sda_bit should be on the sensitivity list of the process
WARNING:HDLCompiler:92 - "E:\hoshino_Data\SotsuKen\ISE\DAC_control\MCP4726_ctrl.vhd" Line 160: sda_bit should be on the sensitivity list of the process
WARNING:HDLCompiler:92 - "E:\hoshino_Data\SotsuKen\ISE\DAC_control\MCP4726_ctrl.vhd" Line 161: sda_data should be on the sensitivity list of the process
WARNING:HDLCompiler:92 - "E:\hoshino_Data\SotsuKen\ISE\DAC_control\MCP4726_ctrl.vhd" Line 162: sda_bit should be on the sensitivity list of the process
WARNING:HDLCompiler:92 - "E:\hoshino_Data\SotsuKen\ISE\DAC_control\MCP4726_ctrl.vhd" Line 163: sda_bit should be on the sensitivity list of the process
WARNING:HDLCompiler:92 - "E:\hoshino_Data\SotsuKen\ISE\DAC_control\MCP4726_ctrl.vhd" Line 164: sda_data should be on the sensitivity list of the process
WARNING:HDLCompiler:92 - "E:\hoshino_Data\SotsuKen\ISE\DAC_control\MCP4726_ctrl.vhd" Line 165: sda_bit should be on the sensitivity list of the process
WARNING:HDLCompiler:92 - "E:\hoshino_Data\SotsuKen\ISE\DAC_control\MCP4726_ctrl.vhd" Line 166: sda_bit should be on the sensitivity list of the process
WARNING:HDLCompiler:92 - "E:\hoshino_Data\SotsuKen\ISE\DAC_control\MCP4726_ctrl.vhd" Line 167: sda_data should be on the sensitivity list of the process
WARNING:HDLCompiler:92 - "E:\hoshino_Data\SotsuKen\ISE\DAC_control\MCP4726_ctrl.vhd" Line 168: sda_bit should be on the sensitivity list of the process
WARNING:HDLCompiler:92 - "E:\hoshino_Data\SotsuKen\ISE\DAC_control\MCP4726_ctrl.vhd" Line 169: sda_bit should be on the sensitivity list of the process
WARNING:HDLCompiler:92 - "E:\hoshino_Data\SotsuKen\ISE\DAC_control\MCP4726_ctrl.vhd" Line 170: sda_data should be on the sensitivity list of the process
WARNING:HDLCompiler:92 - "E:\hoshino_Data\SotsuKen\ISE\DAC_control\MCP4726_ctrl.vhd" Line 171: sda_bit should be on the sensitivity list of the process
WARNING:HDLCompiler:92 - "E:\hoshino_Data\SotsuKen\ISE\DAC_control\MCP4726_ctrl.vhd" Line 172: sda_bit should be on the sensitivity list of the process
WARNING:HDLCompiler:92 - "E:\hoshino_Data\SotsuKen\ISE\DAC_control\MCP4726_ctrl.vhd" Line 173: sda_data should be on the sensitivity list of the process
WARNING:HDLCompiler:92 - "E:\hoshino_Data\SotsuKen\ISE\DAC_control\MCP4726_ctrl.vhd" Line 174: sda_bit should be on the sensitivity list of the process
WARNING:HDLCompiler:92 - "E:\hoshino_Data\SotsuKen\ISE\DAC_control\MCP4726_ctrl.vhd" Line 175: sda_bit should be on the sensitivity list of the process
WARNING:HDLCompiler:92 - "E:\hoshino_Data\SotsuKen\ISE\DAC_control\MCP4726_ctrl.vhd" Line 177: sda_bit should be on the sensitivity list of the process
WARNING:HDLCompiler:92 - "E:\hoshino_Data\SotsuKen\ISE\DAC_control\MCP4726_ctrl.vhd" Line 178: sda_bit should be on the sensitivity list of the process
WARNING:HDLCompiler:92 - "E:\hoshino_Data\SotsuKen\ISE\DAC_control\MCP4726_ctrl.vhd" Line 179: sda_data should be on the sensitivity list of the process
WARNING:HDLCompiler:92 - "E:\hoshino_Data\SotsuKen\ISE\DAC_control\MCP4726_ctrl.vhd" Line 180: sda_bit should be on the sensitivity list of the process
WARNING:HDLCompiler:92 - "E:\hoshino_Data\SotsuKen\ISE\DAC_control\MCP4726_ctrl.vhd" Line 181: sda_bit should be on the sensitivity list of the process
WARNING:HDLCompiler:92 - "E:\hoshino_Data\SotsuKen\ISE\DAC_control\MCP4726_ctrl.vhd" Line 182: sda_data should be on the sensitivity list of the process
WARNING:HDLCompiler:92 - "E:\hoshino_Data\SotsuKen\ISE\DAC_control\MCP4726_ctrl.vhd" Line 183: sda_bit should be on the sensitivity list of the process
WARNING:HDLCompiler:92 - "E:\hoshino_Data\SotsuKen\ISE\DAC_control\MCP4726_ctrl.vhd" Line 184: sda_bit should be on the sensitivity list of the process
WARNING:HDLCompiler:92 - "E:\hoshino_Data\SotsuKen\ISE\DAC_control\MCP4726_ctrl.vhd" Line 185: sda_data should be on the sensitivity list of the process
WARNING:HDLCompiler:92 - "E:\hoshino_Data\SotsuKen\ISE\DAC_control\MCP4726_ctrl.vhd" Line 186: sda_bit should be on the sensitivity list of the process
WARNING:HDLCompiler:92 - "E:\hoshino_Data\SotsuKen\ISE\DAC_control\MCP4726_ctrl.vhd" Line 187: sda_bit should be on the sensitivity list of the process
WARNING:HDLCompiler:92 - "E:\hoshino_Data\SotsuKen\ISE\DAC_control\MCP4726_ctrl.vhd" Line 188: sda_data should be on the sensitivity list of the process
WARNING:HDLCompiler:92 - "E:\hoshino_Data\SotsuKen\ISE\DAC_control\MCP4726_ctrl.vhd" Line 189: sda_bit should be on the sensitivity list of the process
WARNING:HDLCompiler:92 - "E:\hoshino_Data\SotsuKen\ISE\DAC_control\MCP4726_ctrl.vhd" Line 190: sda_bit should be on the sensitivity list of the process
WARNING:HDLCompiler:92 - "E:\hoshino_Data\SotsuKen\ISE\DAC_control\MCP4726_ctrl.vhd" Line 191: sda_data should be on the sensitivity list of the process
WARNING:HDLCompiler:92 - "E:\hoshino_Data\SotsuKen\ISE\DAC_control\MCP4726_ctrl.vhd" Line 192: sda_bit should be on the sensitivity list of the process
WARNING:HDLCompiler:92 - "E:\hoshino_Data\SotsuKen\ISE\DAC_control\MCP4726_ctrl.vhd" Line 193: sda_bit should be on the sensitivity list of the process
WARNING:HDLCompiler:92 - "E:\hoshino_Data\SotsuKen\ISE\DAC_control\MCP4726_ctrl.vhd" Line 194: sda_data should be on the sensitivity list of the process
WARNING:HDLCompiler:92 - "E:\hoshino_Data\SotsuKen\ISE\DAC_control\MCP4726_ctrl.vhd" Line 195: sda_bit should be on the sensitivity list of the process
WARNING:HDLCompiler:92 - "E:\hoshino_Data\SotsuKen\ISE\DAC_control\MCP4726_ctrl.vhd" Line 196: sda_bit should be on the sensitivity list of the process
WARNING:HDLCompiler:92 - "E:\hoshino_Data\SotsuKen\ISE\DAC_control\MCP4726_ctrl.vhd" Line 197: sda_data should be on the sensitivity list of the process
WARNING:HDLCompiler:92 - "E:\hoshino_Data\SotsuKen\ISE\DAC_control\MCP4726_ctrl.vhd" Line 198: sda_bit should be on the sensitivity list of the process
WARNING:HDLCompiler:92 - "E:\hoshino_Data\SotsuKen\ISE\DAC_control\MCP4726_ctrl.vhd" Line 199: sda_bit should be on the sensitivity list of the process
WARNING:HDLCompiler:92 - "E:\hoshino_Data\SotsuKen\ISE\DAC_control\MCP4726_ctrl.vhd" Line 200: sda_data should be on the sensitivity list of the process
WARNING:HDLCompiler:92 - "E:\hoshino_Data\SotsuKen\ISE\DAC_control\MCP4726_ctrl.vhd" Line 201: sda_bit should be on the sensitivity list of the process
WARNING:HDLCompiler:92 - "E:\hoshino_Data\SotsuKen\ISE\DAC_control\MCP4726_ctrl.vhd" Line 202: sda_bit should be on the sensitivity list of the process
WARNING:HDLCompiler:92 - "E:\hoshino_Data\SotsuKen\ISE\DAC_control\MCP4726_ctrl.vhd" Line 204: sda_bit should be on the sensitivity list of the process
WARNING:HDLCompiler:92 - "E:\hoshino_Data\SotsuKen\ISE\DAC_control\MCP4726_ctrl.vhd" Line 205: sda_bit should be on the sensitivity list of the process
WARNING:HDLCompiler:92 - "E:\hoshino_Data\SotsuKen\ISE\DAC_control\MCP4726_ctrl.vhd" Line 206: sda_data should be on the sensitivity list of the process
WARNING:HDLCompiler:92 - "E:\hoshino_Data\SotsuKen\ISE\DAC_control\MCP4726_ctrl.vhd" Line 207: sda_bit should be on the sensitivity list of the process
WARNING:HDLCompiler:92 - "E:\hoshino_Data\SotsuKen\ISE\DAC_control\MCP4726_ctrl.vhd" Line 208: sda_bit should be on the sensitivity list of the process
WARNING:HDLCompiler:92 - "E:\hoshino_Data\SotsuKen\ISE\DAC_control\MCP4726_ctrl.vhd" Line 209: sda_data should be on the sensitivity list of the process
WARNING:HDLCompiler:92 - "E:\hoshino_Data\SotsuKen\ISE\DAC_control\MCP4726_ctrl.vhd" Line 210: sda_bit should be on the sensitivity list of the process
WARNING:HDLCompiler:92 - "E:\hoshino_Data\SotsuKen\ISE\DAC_control\MCP4726_ctrl.vhd" Line 211: sda_bit should be on the sensitivity list of the process
WARNING:HDLCompiler:92 - "E:\hoshino_Data\SotsuKen\ISE\DAC_control\MCP4726_ctrl.vhd" Line 212: sda_data should be on the sensitivity list of the process
WARNING:HDLCompiler:92 - "E:\hoshino_Data\SotsuKen\ISE\DAC_control\MCP4726_ctrl.vhd" Line 213: sda_bit should be on the sensitivity list of the process
WARNING:HDLCompiler:92 - "E:\hoshino_Data\SotsuKen\ISE\DAC_control\MCP4726_ctrl.vhd" Line 214: sda_bit should be on the sensitivity list of the process
WARNING:HDLCompiler:92 - "E:\hoshino_Data\SotsuKen\ISE\DAC_control\MCP4726_ctrl.vhd" Line 215: sda_data should be on the sensitivity list of the process
WARNING:HDLCompiler:92 - "E:\hoshino_Data\SotsuKen\ISE\DAC_control\MCP4726_ctrl.vhd" Line 216: sda_bit should be on the sensitivity list of the process
WARNING:HDLCompiler:92 - "E:\hoshino_Data\SotsuKen\ISE\DAC_control\MCP4726_ctrl.vhd" Line 217: sda_bit should be on the sensitivity list of the process
WARNING:HDLCompiler:92 - "E:\hoshino_Data\SotsuKen\ISE\DAC_control\MCP4726_ctrl.vhd" Line 218: sda_data should be on the sensitivity list of the process
WARNING:HDLCompiler:92 - "E:\hoshino_Data\SotsuKen\ISE\DAC_control\MCP4726_ctrl.vhd" Line 219: sda_bit should be on the sensitivity list of the process
WARNING:HDLCompiler:92 - "E:\hoshino_Data\SotsuKen\ISE\DAC_control\MCP4726_ctrl.vhd" Line 220: sda_bit should be on the sensitivity list of the process
WARNING:HDLCompiler:92 - "E:\hoshino_Data\SotsuKen\ISE\DAC_control\MCP4726_ctrl.vhd" Line 221: sda_data should be on the sensitivity list of the process
WARNING:HDLCompiler:92 - "E:\hoshino_Data\SotsuKen\ISE\DAC_control\MCP4726_ctrl.vhd" Line 222: sda_bit should be on the sensitivity list of the process
WARNING:HDLCompiler:92 - "E:\hoshino_Data\SotsuKen\ISE\DAC_control\MCP4726_ctrl.vhd" Line 223: sda_bit should be on the sensitivity list of the process
WARNING:HDLCompiler:92 - "E:\hoshino_Data\SotsuKen\ISE\DAC_control\MCP4726_ctrl.vhd" Line 224: sda_data should be on the sensitivity list of the process
WARNING:HDLCompiler:92 - "E:\hoshino_Data\SotsuKen\ISE\DAC_control\MCP4726_ctrl.vhd" Line 225: sda_bit should be on the sensitivity list of the process
WARNING:HDLCompiler:92 - "E:\hoshino_Data\SotsuKen\ISE\DAC_control\MCP4726_ctrl.vhd" Line 226: sda_bit should be on the sensitivity list of the process
WARNING:HDLCompiler:92 - "E:\hoshino_Data\SotsuKen\ISE\DAC_control\MCP4726_ctrl.vhd" Line 227: sda_data should be on the sensitivity list of the process
WARNING:HDLCompiler:92 - "E:\hoshino_Data\SotsuKen\ISE\DAC_control\MCP4726_ctrl.vhd" Line 228: sda_bit should be on the sensitivity list of the process
WARNING:HDLCompiler:92 - "E:\hoshino_Data\SotsuKen\ISE\DAC_control\MCP4726_ctrl.vhd" Line 229: sda_bit should be on the sensitivity list of the process
WARNING:HDLCompiler:92 - "E:\hoshino_Data\SotsuKen\ISE\DAC_control\MCP4726_ctrl.vhd" Line 231: sda_bit should be on the sensitivity list of the process

=========================================================================
*                           HDL Synthesis                               *
=========================================================================

Synthesizing Unit <MCP4726_ctrl>.
    Related source file is "E:\hoshino_Data\SotsuKen\ISE\DAC_control\MCP4726_ctrl.vhd".
    Found 20-bit register for signal <counter>.
    Found 1-bit register for signal <scl_rise>.
    Found 1-bit register for signal <sda_rise>.
    Found 20-bit adder for signal <counter[19]_GND_6_o_add_3_OUT> created at line 102.
    Found 8-bit adder for signal <sda_bit[7]_GND_6_o_add_94_OUT> created at line 231.
WARNING:Xst:737 - Found 1-bit latch for signal <lv_change>. Latches may be generated from incomplete case or if statements. We do not recommend the use of latches in FPGA/CPLD designs, as they may lead to timing problems.
WARNING:Xst:737 - Found 1-bit latch for signal <sda_data<23>>. Latches may be generated from incomplete case or if statements. We do not recommend the use of latches in FPGA/CPLD designs, as they may lead to timing problems.
WARNING:Xst:737 - Found 1-bit latch for signal <sda_data<21>>. Latches may be generated from incomplete case or if statements. We do not recommend the use of latches in FPGA/CPLD designs, as they may lead to timing problems.
WARNING:Xst:737 - Found 1-bit latch for signal <sda_data<10>>. Latches may be generated from incomplete case or if statements. We do not recommend the use of latches in FPGA/CPLD designs, as they may lead to timing problems.
WARNING:Xst:737 - Found 1-bit latch for signal <sda>. Latches may be generated from incomplete case or if statements. We do not recommend the use of latches in FPGA/CPLD designs, as they may lead to timing problems.
WARNING:Xst:737 - Found 1-bit latch for signal <sda_bit<7>>. Latches may be generated from incomplete case or if statements. We do not recommend the use of latches in FPGA/CPLD designs, as they may lead to timing problems.
WARNING:Xst:737 - Found 1-bit latch for signal <sda_bit<6>>. Latches may be generated from incomplete case or if statements. We do not recommend the use of latches in FPGA/CPLD designs, as they may lead to timing problems.
WARNING:Xst:737 - Found 1-bit latch for signal <sda_bit<5>>. Latches may be generated from incomplete case or if statements. We do not recommend the use of latches in FPGA/CPLD designs, as they may lead to timing problems.
WARNING:Xst:737 - Found 1-bit latch for signal <sda_bit<4>>. Latches may be generated from incomplete case or if statements. We do not recommend the use of latches in FPGA/CPLD designs, as they may lead to timing problems.
WARNING:Xst:737 - Found 1-bit latch for signal <sda_bit<3>>. Latches may be generated from incomplete case or if statements. We do not recommend the use of latches in FPGA/CPLD designs, as they may lead to timing problems.
WARNING:Xst:737 - Found 1-bit latch for signal <sda_bit<2>>. Latches may be generated from incomplete case or if statements. We do not recommend the use of latches in FPGA/CPLD designs, as they may lead to timing problems.
WARNING:Xst:737 - Found 1-bit latch for signal <sda_bit<1>>. Latches may be generated from incomplete case or if statements. We do not recommend the use of latches in FPGA/CPLD designs, as they may lead to timing problems.
WARNING:Xst:737 - Found 1-bit latch for signal <sda_bit<0>>. Latches may be generated from incomplete case or if statements. We do not recommend the use of latches in FPGA/CPLD designs, as they may lead to timing problems.
WARNING:Xst:737 - Found 1-bit latch for signal <break>. Latches may be generated from incomplete case or if statements. We do not recommend the use of latches in FPGA/CPLD designs, as they may lead to timing problems.
WARNING:Xst:737 - Found 1-bit latch for signal <scl_out>. Latches may be generated from incomplete case or if statements. We do not recommend the use of latches in FPGA/CPLD designs, as they may lead to timing problems.
WARNING:Xst:737 - Found 1-bit latch for signal <trg>. Latches may be generated from incomplete case or if statements. We do not recommend the use of latches in FPGA/CPLD designs, as they may lead to timing problems.
WARNING:Xst:737 - Found 1-bit latch for signal <fix>. Latches may be generated from incomplete case or if statements. We do not recommend the use of latches in FPGA/CPLD designs, as they may lead to timing problems.
WARNING:Xst:737 - Found 1-bit latch for signal <sw_ac>. Latches may be generated from incomplete case or if statements. We do not recommend the use of latches in FPGA/CPLD designs, as they may lead to timing problems.
    Summary:
	inferred   2 Adder/Subtractor(s).
	inferred  22 D-type flip-flop(s).
	inferred  18 Latch(s).
	inferred 136 Multiplexer(s).
Unit <MCP4726_ctrl> synthesized.

=========================================================================
HDL Synthesis Report

Macro Statistics
# Adders/Subtractors                                   : 2
 20-bit adder                                          : 1
 8-bit adder                                           : 1
# Registers                                            : 3
 1-bit register                                        : 2
 20-bit register                                       : 1
# Latches                                              : 18
 1-bit latch                                           : 18
# Multiplexers                                         : 136
 1-bit 2-to-1 multiplexer                              : 106
 20-bit 2-to-1 multiplexer                             : 1
 8-bit 2-to-1 multiplexer                              : 29

=========================================================================

=========================================================================
*                       Advanced HDL Synthesis                          *
=========================================================================

WARNING:Xst:1710 - FF/Latch <sda_data_23> (without init value) has a constant value of 1 in block <MCP4726_ctrl>. This FF/Latch will be trimmed during the optimization process.
WARNING:Xst:1895 - Due to other FF/Latch trimming, FF/Latch <sda_data_21> (without init value) has a constant value of 0 in block <MCP4726_ctrl>. This FF/Latch will be trimmed during the optimization process.

Synthesizing (advanced) Unit <MCP4726_ctrl>.
The following registers are absorbed into counter <counter>: 1 register on signal <counter>.
Unit <MCP4726_ctrl> synthesized (advanced).

=========================================================================
Advanced HDL Synthesis Report

Macro Statistics
# Adders/Subtractors                                   : 1
 8-bit adder                                           : 1
# Counters                                             : 1
 20-bit up counter                                     : 1
# Registers                                            : 2
 Flip-Flops                                            : 2
# Multiplexers                                         : 135
 1-bit 2-to-1 multiplexer                              : 106
 8-bit 2-to-1 multiplexer                              : 29

=========================================================================

=========================================================================
*                         Low Level Synthesis                           *
=========================================================================
WARNING:Xst:1710 - FF/Latch <sda_data_23> (without init value) has a constant value of 1 in block <MCP4726_ctrl>. This FF/Latch will be trimmed during the optimization process.
WARNING:Xst:1895 - Due to other FF/Latch trimming, FF/Latch <sda_data_21> (without init value) has a constant value of 0 in block <MCP4726_ctrl>. This FF/Latch will be trimmed during the optimization process.
WARNING:Xst:3002 - This design contains one or more registers/latches that are directly
   incompatible with the Spartan6 architecture. The two primary causes of this is
   either a register or latch described with both an asynchronous set and
   asynchronous reset, or a register or latch described with an asynchronous
   set or reset which however has an initialization value of the opposite 
   polarity (i.e. asynchronous reset with an initialization value of 1).
    While this circuit can be built, it creates a sub-optimal implementation
   in terms of area, power and performance. For a more optimal implementation
   Xilinx highly recommends one of the following:

          1) Remove either the set or reset from all registers and latches
             if not needed for required functionality
          2) Modify the code in order to produce a synchronous set
             and/or reset (both is preferred)
          3) Ensure all registers have the same initialization value as the
             described asynchronous set or reset polarity
          4) Use the -async_to_sync option to transform the asynchronous
             set/reset to synchronous operation
             (timing simulation highly recommended when using this option)

  Please refer to http://www.xilinx.com search string "Spartan6 asynchronous set/reset" for more details.

  List of register instances with asynchronous set and reset:
    sw_ac in unit <MCP4726_ctrl>


Optimizing unit <MCP4726_ctrl> ...
WARNING:Xst:1293 - FF/Latch <sda_bit_7> has a constant value of 0 in block <MCP4726_ctrl>. This FF/Latch will be trimmed during the optimization process.
WARNING:Xst:1293 - FF/Latch <sda_bit_6> has a constant value of 0 in block <MCP4726_ctrl>. This FF/Latch will be trimmed during the optimization process.

Mapping all equations...
Building and optimizing final netlist ...
Found area constraint ratio of 100 (+ 5) on block MCP4726_ctrl, actual ratio is 1.

Final Macro Processing ...

=========================================================================
Final Register Report

Macro Statistics
# Registers                                            : 22
 Flip-Flops                                            : 22

=========================================================================

=========================================================================
*                           Partition Report                            *
=========================================================================

Partition Implementation Status
-------------------------------

  No Partitions were found in this design.

-------------------------------

=========================================================================
*                            Design Summary                             *
=========================================================================

Top Level Output File Name         : MCP4726_ctrl.ngc

Primitive and Black Box Usage:
------------------------------
# BELS                             : 129
#      GND                         : 1
#      INV                         : 4
#      LUT1                        : 19
#      LUT2                        : 23
#      LUT3                        : 6
#      LUT4                        : 6
#      LUT5                        : 6
#      LUT6                        : 21
#      MUXCY                       : 19
#      MUXF7                       : 3
#      VCC                         : 1
#      XORCY                       : 20
# FlipFlops/Latches                : 36
#      FDC                         : 21
#      FDCE                        : 1
#      LD                          : 11
#      LDE                         : 2
#      LDE_1                       : 1
# Clock Buffers                    : 1
#      BUFGP                       : 1
# IO Buffers                       : 5
#      IBUF                        : 2
#      OBUF                        : 3

Device utilization summary:
---------------------------

Selected Device : 6slx9tqg144-2 


Slice Logic Utilization: 
 Number of Slice Registers:              34  out of  11440     0%  
 Number of Slice LUTs:                   85  out of   5720     1%  
    Number used as Logic:                85  out of   5720     1%  

Slice Logic Distribution: 
 Number of LUT Flip Flop pairs used:     85
   Number with an unused Flip Flop:      51  out of     85    60%  
   Number with an unused LUT:             0  out of     85     0%  
   Number of fully used LUT-FF pairs:    34  out of     85    40%  
   Number of unique control sets:        11

IO Utilization: 
 Number of IOs:                           6
 Number of bonded IOBs:                   6  out of    102     5%  
    IOB Flip Flops/Latches:               2

Specific Feature Utilization:
 Number of BUFG/BUFGCTRLs:                1  out of     16     6%  

---------------------------
Partition Resource Summary:
---------------------------

  No Partitions were found in this design.

---------------------------


=========================================================================
Timing Report

NOTE: THESE TIMING NUMBERS ARE ONLY A SYNTHESIS ESTIMATE.
      FOR ACCURATE TIMING INFORMATION PLEASE REFER TO THE TRACE REPORT
      GENERATED AFTER PLACE-and-ROUTE.

Clock Information:
------------------
-------------------------------------------------------------------------------------+------------------------+-------+
Clock Signal                                                                         | Clock buffer(FF name)  | Load  |
-------------------------------------------------------------------------------------+------------------------+-------+
clk                                                                                  | BUFGP                  | 22    |
Mmux_sda_bit[7]_sda_bit[7]_MUX_184_o7212(Mmux_sda_bit[7]_sda_bit[7]_MUX_184_o72121:O)| NONE(*)(fix)           | 2     |
scl_rise                                                                             | NONE(scl_out)          | 1     |
sw_ac                                                                                | NONE(sda_data_10)      | 1     |
rst_sw_ac_MUX_59_o(Mmux_rst_sw_ac_MUX_59_o11:O)                                      | NONE(*)(lv_change)     | 1     |
sw_ac_sda_bit[7]_MUX_215_o(Mmux_sw_ac_sda_bit[7]_MUX_215_o13:O)                      | NONE(*)(sda_bit_5)     | 6     |
sw_ac_sda_bit[7]_MUX_504_o(Mmux_sw_ac_sda_bit[7]_MUX_504_o61:O)                      | NONE(*)(break)         | 1     |
sda_rise_sw_ac_OR_57_o(sda_rise_sw_ac_OR_57_o1:O)                                    | NONE(*)(sda)           | 1     |
sw_ac_G(sw_ac_G:O)                                                                   | NONE(*)(sw_ac)         | 1     |
-------------------------------------------------------------------------------------+------------------------+-------+
(*) These 6 clock signal(s) are generated by combinatorial logic,
and XST is not able to identify which are the primary clock signals.
Please use the CLOCK_SIGNAL constraint to specify the clock signal(s) generated by combinatorial logic.
INFO:Xst:2169 - HDL ADVISOR - Some clock signals were not automatically buffered by XST with BUFG/BUFR resources. Please use the buffer_type constraint in order to insert these buffers to the clock signals to help prevent skew problems.

Asynchronous Control Signals Information:
----------------------------------------
No asynchronous control signals found in this design

Timing Summary:
---------------
Speed Grade: -2

   Minimum period: 4.569ns (Maximum Frequency: 218.866MHz)
   Minimum input arrival time before clock: 3.166ns
   Maximum output required time after clock: 4.218ns
   Maximum combinational path delay: No path found

Timing Details:
---------------
All values displayed in nanoseconds (ns)

=========================================================================
Timing constraint: Default period analysis for Clock 'clk'
  Clock period: 4.569ns (frequency: 218.866MHz)
  Total number of paths / destination ports: 676 / 23
-------------------------------------------------------------------------
Delay:               4.569ns (Levels of Logic = 3)
  Source:            counter_9 (FF)
  Destination:       counter_0 (FF)
  Source Clock:      clk rising
  Destination Clock: clk rising

  Data Path: counter_9 to counter_0
                                Gate     Net
    Cell:in->out      fanout   Delay   Delay  Logical Name (Net Name)
    ----------------------------------------  ------------
     FDC:C->Q              4   0.525   1.234  counter_9 (counter_9)
     LUT5:I0->O            2   0.254   0.954  GND_6_o_PWR_6_o_MUX_22_o<19>_SW0_SW0 (N12)
     LUT6:I3->O           11   0.235   1.039  GND_6_o_PWR_6_o_MUX_22_o<19> (GND_6_o_PWR_6_o_MUX_22_o)
     LUT2:I1->O            1   0.254   0.000  Mcount_counter_eqn_01 (Mcount_counter_eqn_0)
     FDC:D                     0.074          counter_0
    ----------------------------------------
    Total                      4.569ns (1.342ns logic, 3.227ns route)
                                       (29.4% logic, 70.6% route)

=========================================================================
Timing constraint: Default period analysis for Clock 'Mmux_sda_bit[7]_sda_bit[7]_MUX_184_o7212'
  Clock period: 2.278ns (frequency: 438.982MHz)
  Total number of paths / destination ports: 1 / 1
-------------------------------------------------------------------------
Delay:               2.278ns (Levels of Logic = 1)
  Source:            fix (LATCH)
  Destination:       fix (LATCH)
  Source Clock:      Mmux_sda_bit[7]_sda_bit[7]_MUX_184_o7212 falling
  Destination Clock: Mmux_sda_bit[7]_sda_bit[7]_MUX_184_o7212 falling

  Data Path: fix to fix
                                Gate     Net
    Cell:in->out      fanout   Delay   Delay  Logical Name (Net Name)
    ----------------------------------------  ------------
     LDE:G->Q              2   0.581   0.725  fix (fix)
     INV:I->O              1   0.255   0.681  fix_INV_8_o1_INV_0 (fix_INV_8_o)
     LDE:D                     0.036          fix
    ----------------------------------------
    Total                      2.278ns (0.872ns logic, 1.406ns route)
                                       (38.3% logic, 61.7% route)

=========================================================================
Timing constraint: Default period analysis for Clock 'scl_rise'
  Clock period: 2.278ns (frequency: 438.982MHz)
  Total number of paths / destination ports: 1 / 1
-------------------------------------------------------------------------
Delay:               2.278ns (Levels of Logic = 1)
  Source:            scl_out (LATCH)
  Destination:       scl_out (LATCH)
  Source Clock:      scl_rise falling
  Destination Clock: scl_rise falling

  Data Path: scl_out to scl_out
                                Gate     Net
    Cell:in->out      fanout   Delay   Delay  Logical Name (Net Name)
    ----------------------------------------  ------------
     LD:G->Q               2   0.581   0.725  scl_out (scl_out)
     INV:I->O              1   0.255   0.681  scl_out_INV_5_o1_INV_0 (scl_out_INV_5_o)
     LD:D                      0.036          scl_out
    ----------------------------------------
    Total                      2.278ns (0.872ns logic, 1.406ns route)
                                       (38.3% logic, 61.7% route)

=========================================================================
Timing constraint: Default period analysis for Clock 'rst_sw_ac_MUX_59_o'
  Clock period: 1.597ns (frequency: 626.174MHz)
  Total number of paths / destination ports: 1 / 1
-------------------------------------------------------------------------
Delay:               1.597ns (Levels of Logic = 1)
  Source:            lv_change (LATCH)
  Destination:       lv_change (LATCH)
  Source Clock:      rst_sw_ac_MUX_59_o falling
  Destination Clock: rst_sw_ac_MUX_59_o falling

  Data Path: lv_change to lv_change
                                Gate     Net
    Cell:in->out      fanout   Delay   Delay  Logical Name (Net Name)
    ----------------------------------------  ------------
     LD:G->Q               2   0.581   0.726  lv_change (lv_change)
     LUT3:I2->O            1   0.254   0.000  Mmux_lv_change_lv_change_MUX_57_o11 (lv_change_lv_change_MUX_57_o)
     LD:D                      0.036          lv_change
    ----------------------------------------
    Total                      1.597ns (0.871ns logic, 0.726ns route)
                                       (54.5% logic, 45.5% route)

=========================================================================
Timing constraint: Default period analysis for Clock 'sw_ac_sda_bit[7]_MUX_215_o'
  Clock period: 3.445ns (frequency: 290.276MHz)
  Total number of paths / destination ports: 52 / 6
-------------------------------------------------------------------------
Delay:               3.445ns (Levels of Logic = 3)
  Source:            sda_bit_4 (LATCH)
  Destination:       sda_bit_0 (LATCH)
  Source Clock:      sw_ac_sda_bit[7]_MUX_215_o falling
  Destination Clock: sw_ac_sda_bit[7]_MUX_215_o falling

  Data Path: sda_bit_4 to sda_bit_0
                                Gate     Net
    Cell:in->out      fanout   Delay   Delay  Logical Name (Net Name)
    ----------------------------------------  ------------
     LD:G->Q              15   0.581   1.431  sda_bit_4 (sda_bit_4)
     LUT4:I0->O            2   0.254   0.726  Mmux_sda_bit[7]_sda_bit[7]_MUX_184_o749111 (Mmux_sda_bit[7]_sda_bit[7]_MUX_184_o74911)
     LUT6:I5->O            1   0.254   0.000  Mmux_sda_bit[7]_sda_bit[7]_MUX_184_o7494_F (N18)
     MUXF7:I0->O           1   0.163   0.000  Mmux_sda_bit[7]_sda_bit[7]_MUX_184_o7494 (sda_bit[7]_sda_bit[7]_MUX_415_o)
     LD:D                      0.036          sda_bit_0
    ----------------------------------------
    Total                      3.445ns (1.288ns logic, 2.157ns route)
                                       (37.4% logic, 62.6% route)

=========================================================================
Timing constraint: Default period analysis for Clock 'sw_ac_sda_bit[7]_MUX_504_o'
  Clock period: 2.119ns (frequency: 471.921MHz)
  Total number of paths / destination ports: 1 / 1
-------------------------------------------------------------------------
Delay:               2.119ns (Levels of Logic = 1)
  Source:            break (LATCH)
  Destination:       break (LATCH)
  Source Clock:      sw_ac_sda_bit[7]_MUX_504_o falling
  Destination Clock: sw_ac_sda_bit[7]_MUX_504_o falling

  Data Path: break to break
                                Gate     Net
    Cell:in->out      fanout   Delay   Delay  Logical Name (Net Name)
    ----------------------------------------  ------------
     LD:G->Q              11   0.581   1.267  break (break)
     LUT3:I0->O            1   0.235   0.000  Mmux_sw_ac_sda_bit[7]_MUX_504_o621 (Mmux_sw_ac_sda_bit[7]_MUX_504_o62)
     LD:D                      0.036          break
    ----------------------------------------
    Total                      2.119ns (0.852ns logic, 1.267ns route)
                                       (40.2% logic, 59.8% route)

=========================================================================
Timing constraint: Default period analysis for Clock 'sw_ac_G'
  Clock period: 1.919ns (frequency: 521.105MHz)
  Total number of paths / destination ports: 1 / 1
-------------------------------------------------------------------------
Delay:               1.919ns (Levels of Logic = 1)
  Source:            sw_ac (LATCH)
  Destination:       sw_ac (LATCH)
  Source Clock:      sw_ac_G falling
  Destination Clock: sw_ac_G falling

  Data Path: sw_ac to sw_ac
                                Gate     Net
    Cell:in->out      fanout   Delay   Delay  Logical Name (Net Name)
    ----------------------------------------  ------------
     LD:G->Q               8   0.581   1.052  sw_ac (sw_ac)
     LUT2:I0->O            1   0.250   0.000  sw_ac_D (sw_ac_D)
     LD:D                      0.036          sw_ac
    ----------------------------------------
    Total                      1.919ns (0.867ns logic, 1.052ns route)
                                       (45.2% logic, 54.8% route)

=========================================================================
Timing constraint: Default OFFSET IN BEFORE for Clock 'clk'
  Total number of paths / destination ports: 22 / 22
-------------------------------------------------------------------------
Offset:              3.166ns (Levels of Logic = 1)
  Source:            rst (PAD)
  Destination:       scl_rise (FF)
  Destination Clock: clk rising

  Data Path: rst to scl_rise
                                Gate     Net
    Cell:in->out      fanout   Delay   Delay  Logical Name (Net Name)
    ----------------------------------------  ------------
     IBUF:I->O            24   1.328   1.379  rst_IBUF (rst_IBUF)
     FDCE:CLR                  0.459          scl_rise
    ----------------------------------------
    Total                      3.166ns (1.787ns logic, 1.379ns route)
                                       (56.4% logic, 43.6% route)

=========================================================================
Timing constraint: Default OFFSET IN BEFORE for Clock 'sw_ac'
  Total number of paths / destination ports: 1 / 1
-------------------------------------------------------------------------
Offset:              2.470ns (Levels of Logic = 1)
  Source:            switch (PAD)
  Destination:       sda_data_10 (LATCH)
  Destination Clock: sw_ac rising

  Data Path: switch to sda_data_10
                                Gate     Net
    Cell:in->out      fanout   Delay   Delay  Logical Name (Net Name)
    ----------------------------------------  ------------
     IBUF:I->O             5   1.328   0.840  switch_IBUF (switch_IBUF)
     LDE_1:GE                  0.302          sda_data_10
    ----------------------------------------
    Total                      2.470ns (1.630ns logic, 0.840ns route)
                                       (66.0% logic, 34.0% route)

=========================================================================
Timing constraint: Default OFFSET IN BEFORE for Clock 'rst_sw_ac_MUX_59_o'
  Total number of paths / destination ports: 1 / 1
-------------------------------------------------------------------------
Offset:              2.668ns (Levels of Logic = 2)
  Source:            switch (PAD)
  Destination:       lv_change (LATCH)
  Destination Clock: rst_sw_ac_MUX_59_o falling

  Data Path: switch to lv_change
                                Gate     Net
    Cell:in->out      fanout   Delay   Delay  Logical Name (Net Name)
    ----------------------------------------  ------------
     IBUF:I->O             5   1.328   1.069  switch_IBUF (switch_IBUF)
     LUT3:I0->O            1   0.235   0.000  Mmux_lv_change_lv_change_MUX_57_o11 (lv_change_lv_change_MUX_57_o)
     LD:D                      0.036          lv_change
    ----------------------------------------
    Total                      2.668ns (1.599ns logic, 1.069ns route)
                                       (59.9% logic, 40.1% route)

=========================================================================
Timing constraint: Default OFFSET IN BEFORE for Clock 'sw_ac_G'
  Total number of paths / destination ports: 1 / 1
-------------------------------------------------------------------------
Offset:              2.459ns (Levels of Logic = 2)
  Source:            switch (PAD)
  Destination:       sw_ac (LATCH)
  Destination Clock: sw_ac_G falling

  Data Path: switch to sw_ac
                                Gate     Net
    Cell:in->out      fanout   Delay   Delay  Logical Name (Net Name)
    ----------------------------------------  ------------
     IBUF:I->O             5   1.328   0.841  switch_IBUF (switch_IBUF)
     LUT2:I1->O            1   0.254   0.000  sw_ac_D (sw_ac_D)
     LD:D                      0.036          sw_ac
    ----------------------------------------
    Total                      2.459ns (1.618ns logic, 0.841ns route)
                                       (65.8% logic, 34.2% route)

=========================================================================
Timing constraint: Default OFFSET OUT AFTER for Clock 'Mmux_sda_bit[7]_sda_bit[7]_MUX_184_o7212'
  Total number of paths / destination ports: 1 / 1
-------------------------------------------------------------------------
Offset:              4.174ns (Levels of Logic = 1)
  Source:            trg (LATCH)
  Destination:       trigger (PAD)
  Source Clock:      Mmux_sda_bit[7]_sda_bit[7]_MUX_184_o7212 falling

  Data Path: trg to trigger
                                Gate     Net
    Cell:in->out      fanout   Delay   Delay  Logical Name (Net Name)
    ----------------------------------------  ------------
     LDE:G->Q              1   0.581   0.681  trg (trg)
     OBUF:I->O                 2.912          trigger_OBUF (trigger)
    ----------------------------------------
    Total                      4.174ns (3.493ns logic, 0.681ns route)
                                       (83.7% logic, 16.3% route)

=========================================================================
Timing constraint: Default OFFSET OUT AFTER for Clock 'scl_rise'
  Total number of paths / destination ports: 1 / 1
-------------------------------------------------------------------------
Offset:              4.218ns (Levels of Logic = 1)
  Source:            scl_out (LATCH)
  Destination:       scl (PAD)
  Source Clock:      scl_rise falling

  Data Path: scl_out to scl
                                Gate     Net
    Cell:in->out      fanout   Delay   Delay  Logical Name (Net Name)
    ----------------------------------------  ------------
     LD:G->Q               2   0.581   0.725  scl_out (scl_out)
     OBUF:I->O                 2.912          scl_OBUF (scl)
    ----------------------------------------
    Total                      4.218ns (3.493ns logic, 0.725ns route)
                                       (82.8% logic, 17.2% route)

=========================================================================
Timing constraint: Default OFFSET OUT AFTER for Clock 'sda_rise_sw_ac_OR_57_o'
  Total number of paths / destination ports: 1 / 1
-------------------------------------------------------------------------
Offset:              4.174ns (Levels of Logic = 1)
  Source:            sda (LATCH)
  Destination:       sda (PAD)
  Source Clock:      sda_rise_sw_ac_OR_57_o falling

  Data Path: sda to sda
                                Gate     Net
    Cell:in->out      fanout   Delay   Delay  Logical Name (Net Name)
    ----------------------------------------  ------------
     LD:G->Q               1   0.581   0.681  sda (sda_OBUF)
     OBUF:I->O                 2.912          sda_OBUF (sda)
    ----------------------------------------
    Total                      4.174ns (3.493ns logic, 0.681ns route)
                                       (83.7% logic, 16.3% route)

=========================================================================

Cross Clock Domains Report:
--------------------------

Clock to Setup on destination clock Mmux_sda_bit[7]_sda_bit[7]_MUX_184_o7212
----------------------------------------+---------+---------+---------+---------+
                                        | Src:Rise| Src:Fall| Src:Rise| Src:Fall|
Source Clock                            |Dest:Rise|Dest:Rise|Dest:Fall|Dest:Fall|
----------------------------------------+---------+---------+---------+---------+
Mmux_sda_bit[7]_sda_bit[7]_MUX_184_o7212|         |         |    2.278|         |
sw_ac_sda_bit[7]_MUX_215_o              |         |         |    3.419|         |
----------------------------------------+---------+---------+---------+---------+

Clock to Setup on destination clock clk
---------------+---------+---------+---------+---------+
               | Src:Rise| Src:Fall| Src:Rise| Src:Fall|
Source Clock   |Dest:Rise|Dest:Rise|Dest:Fall|Dest:Fall|
---------------+---------+---------+---------+---------+
clk            |    4.569|         |         |         |
---------------+---------+---------+---------+---------+

Clock to Setup on destination clock rst_sw_ac_MUX_59_o
------------------+---------+---------+---------+---------+
                  | Src:Rise| Src:Fall| Src:Rise| Src:Fall|
Source Clock      |Dest:Rise|Dest:Rise|Dest:Fall|Dest:Fall|
------------------+---------+---------+---------+---------+
rst_sw_ac_MUX_59_o|         |         |    1.597|         |
sw_ac_G           |         |         |    1.919|         |
------------------+---------+---------+---------+---------+

Clock to Setup on destination clock scl_rise
---------------+---------+---------+---------+---------+
               | Src:Rise| Src:Fall| Src:Rise| Src:Fall|
Source Clock   |Dest:Rise|Dest:Rise|Dest:Fall|Dest:Fall|
---------------+---------+---------+---------+---------+
scl_rise       |         |         |    2.278|         |
---------------+---------+---------+---------+---------+

Clock to Setup on destination clock sda_rise_sw_ac_OR_57_o
--------------------------+---------+---------+---------+---------+
                          | Src:Rise| Src:Fall| Src:Rise| Src:Fall|
Source Clock              |Dest:Rise|Dest:Rise|Dest:Fall|Dest:Fall|
--------------------------+---------+---------+---------+---------+
clk                       |         |         |    1.988|         |
sw_ac                     |         |         |    3.260|         |
sw_ac_sda_bit[7]_MUX_215_o|         |         |    3.868|         |
sw_ac_sda_bit[7]_MUX_504_o|         |         |    1.910|         |
--------------------------+---------+---------+---------+---------+

Clock to Setup on destination clock sw_ac
------------------+---------+---------+---------+---------+
                  | Src:Rise| Src:Fall| Src:Rise| Src:Fall|
Source Clock      |Dest:Rise|Dest:Rise|Dest:Fall|Dest:Fall|
------------------+---------+---------+---------+---------+
rst_sw_ac_MUX_59_o|         |    2.278|         |         |
------------------+---------+---------+---------+---------+

Clock to Setup on destination clock sw_ac_G
---------------+---------+---------+---------+---------+
               | Src:Rise| Src:Fall| Src:Rise| Src:Fall|
Source Clock   |Dest:Rise|Dest:Rise|Dest:Fall|Dest:Fall|
---------------+---------+---------+---------+---------+
sw_ac_G        |         |         |    1.919|         |
---------------+---------+---------+---------+---------+

Clock to Setup on destination clock sw_ac_sda_bit[7]_MUX_215_o
----------------------------------------+---------+---------+---------+---------+
                                        | Src:Rise| Src:Fall| Src:Rise| Src:Fall|
Source Clock                            |Dest:Rise|Dest:Rise|Dest:Fall|Dest:Fall|
----------------------------------------+---------+---------+---------+---------+
Mmux_sda_bit[7]_sda_bit[7]_MUX_184_o7212|         |         |    2.844|         |
clk                                     |         |         |    3.609|         |
sw_ac_sda_bit[7]_MUX_215_o              |         |         |    3.445|         |
sw_ac_sda_bit[7]_MUX_504_o              |         |         |    3.739|         |
----------------------------------------+---------+---------+---------+---------+

Clock to Setup on destination clock sw_ac_sda_bit[7]_MUX_504_o
--------------------------+---------+---------+---------+---------+
                          | Src:Rise| Src:Fall| Src:Rise| Src:Fall|
Source Clock              |Dest:Rise|Dest:Rise|Dest:Fall|Dest:Fall|
--------------------------+---------+---------+---------+---------+
clk                       |         |         |    1.988|         |
sw_ac_sda_bit[7]_MUX_215_o|         |         |    3.501|         |
sw_ac_sda_bit[7]_MUX_504_o|         |         |    2.119|         |
--------------------------+---------+---------+---------+---------+

=========================================================================


Total REAL time to Xst completion: 7.00 secs
Total CPU time to Xst completion: 6.21 secs
 
--> 

Total memory usage is 4501816 kilobytes

Number of errors   :    0 (   0 filtered)
Number of warnings :  111 (   0 filtered)
Number of infos    :    1 (   0 filtered)

